Δ Difficulty
┌──────────────────────────────────────┬───────────────┬─────────┐
│ [Id]                                 │ [DisplayName] │ [Level] │
├──────────────────────────────────────┼───────────────┼─────────┤
│ 00000000-0000-0000-0000-000000000000 │               │ 1       │
└──────────────────────────────────────┴───────────────┴─────────┘
