Δ Opponent
┌──────────────────────────────────────┬───────────────┬────────────┬────────┐
│ [Id]                                 │ [DisplayName] │ [LastName] │ [Name] │
├──────────────────────────────────────┼───────────────┼────────────┼────────┤
│ 00000000-0000-0000-0000-000000000000 │               │ player     │ some   │
└──────────────────────────────────────┴───────────────┴────────────┴────────┘
