Opponent[0] = Opponent1
Opponent[1] = Opponent2
Opponent[2] = Opponent3
